  min_radius: 60/600
  min_radius: 120/600
  min_radius: 180/600
  min_radius: 240/600
  min_radius: 300/600
  min_radius: 360/600
  min_radius: 420/600
  min_radius: 480/600
  min_radius: 540/600
  min_radius: 600/600
     min_radius CplusLog: clear=200/200 mean=612.99 p95=811.05 cvar90=824.26
     min_radius       B: clear=200/200 mean=658.16 p95=841.07 cvar90=853.16
     min_radius       C: clear=200/200 mean=613.30 p95=811.05 cvar90=825.17

=== min_radius （200 例） ===
B=658.16  C=613.30  C+=612.99  oracle=607.61 s/源
C+ 与 oracle 差距: +5.38 s/源 (0.885%)
oracle 选 B 的案例占比: 17.5%；当前门控命中率: 82.5%
损失分解(相对 oracle，s/源): 当前门控=5.38 | 最优发现数阈值=5.38 | 最优角隙阈值=5.69 | 最优两特征=11.54
→ 分类空间=-6.16 s/源，不可约空间=11.54 s/源
AUC: 原点发现数=0.516 角隙=0.511 首站新增=0.639
  boundary_random: 60/600
  boundary_random: 120/600
  boundary_random: 180/600
  boundary_random: 240/600
  boundary_random: 300/600
  boundary_random: 360/600
  boundary_random: 420/600
  boundary_random: 480/600
  boundary_random: 540/600
  boundary_random: 600/600
boundary_random CplusLog: clear=200/200 mean=567.87 p95=662.65 cvar90=672.99
boundary_random       B: clear=200/200 mean=567.87 p95=662.65 cvar90=672.99
boundary_random       C: clear=200/200 mean=577.11 p95=663.05 cvar90=674.98

=== boundary_random （200 例） ===
B=567.87  C=577.11  C+=567.87  oracle=544.83 s/源
C+ 与 oracle 差距: +23.04 s/源 (4.229%)
oracle 选 B 的案例占比: 54.0%；当前门控命中率: 54.0%
损失分解(相对 oracle，s/源): 当前门控=23.04 | 最优发现数阈值=23.04 | 最优角隙阈值=23.04 | 最优两特征=23.04
→ 分类空间=0.00 s/源，不可约空间=23.04 s/源
AUC: 原点发现数=0.500 角隙=0.500 首站新增=0.500
  boundary_outward: 60/600
  boundary_outward: 120/600
  boundary_outward: 180/600
  boundary_outward: 240/600
  boundary_outward: 300/600
  boundary_outward: 360/600
  boundary_outward: 420/600
  boundary_outward: 480/600
  boundary_outward: 540/600
  boundary_outward: 600/600
boundary_outward CplusLog: clear=200/200 mean=567.62 p95=681.56 cvar90=687.82
boundary_outward       B: clear=200/200 mean=567.62 p95=681.56 cvar90=687.82
boundary_outward       C: clear=200/200 mean=765.62 p95=960.59 cvar90=968.21

=== boundary_outward （200 例） ===
B=567.62  C=765.62  C+=567.62  oracle=566.48 s/源
C+ 与 oracle 差距: +1.14 s/源 (0.201%)
oracle 选 B 的案例占比: 98.5%；当前门控命中率: 98.5%
损失分解(相对 oracle，s/源): 当前门控=1.14 | 最优发现数阈值=1.14 | 最优角隙阈值=1.14 | 最优两特征=1.14
→ 分类空间=0.00 s/源，不可约空间=1.14 s/源
AUC: 原点发现数=0.500 角隙=0.500 首站新增=0.500

报告已写入 c:\Users\李\.trae-cn\work\6aa56502e5f93f31529a14bc\q4x\step1_oracle\oracle_report.json
  boundary_random: 60/600
  boundary_random: 120/600
  boundary_random: 180/600
  boundary_random: 240/600
  boundary_random: 300/600
  boundary_random: 360/600
  boundary_random: 420/600
  boundary_random: 480/600
  boundary_random: 540/600
  boundary_random: 600/600
boundary_random    BLog: clear=200/200 mean=567.87 p95=662.65 cvar90=672.99
boundary_random    CLog: clear=200/200 mean=577.11 p95=663.05 cvar90=674.98
boundary_random CplusLog: clear=200/200 mean=567.87 p95=662.65 cvar90=672.99
boundary_random: 复用已有 600 行结果
boundary_random: 复用已有 600 行结果

=== boundary_random（200 例）===
B=567.87 C=577.11 C+=567.87 oracle=544.83 s/源；C+ 选 B 占比=100.0%；oracle 应换路线占比=54.0%
|T_B-T_C| 均值（每例总时间）= 55.3 s
C-B 差 search_movement_time_s: -31.17 s/源
C-B 差 post_search_movement_time_s: +19.74 s/源
C-B 差 detection_time_s: +17.35 s/源
探测信号 AUC（预测应当换到 B 的案例）:
  C#1: 累计新增=1.16 本站新增=1.16 AUC累计=0.538 AUC本站=0.538 耗时=410s
  B#1: 累计新增=0.00 本站新增=0.00 AUC累计=0.500 AUC本站=0.500 耗时=370s
  C#2: 累计新增=2.73 本站新增=1.57 AUC累计=0.528 AUC本站=0.485 耗时=682s
  B#2: 累计新增=1.94 本站新增=1.94 AUC累计=0.499 AUC本站=0.499 耗时=623s
  C#3: 累计新增=4.30 本站新增=1.56 AUC累计=0.474 AUC本站=0.439 耗时=982s
  B#3: 累计新增=2.42 本站新增=0.48 AUC累计=0.522 AUC本站=0.571 耗时=871s
  C#4: 累计新增=5.90 本站新增=1.60 AUC累计=0.500 AUC本站=0.540 耗时=1265s
  B#4: 累计新增=3.13 本站新增=0.71 AUC累计=0.526 AUC本站=0.510 耗时=1159s
  C#5: 累计新增=7.38 本站新增=1.48 AUC累计=0.451 AUC本站=0.418 耗时=1554s
  B#5: 累计新增=4.21 本站新增=1.08 AUC累计=0.491 AUC本站=0.432 耗时=1445s
  C#6: 累计新增=8.74 本站新增=1.36 AUC累计=0.470 AUC本站=0.550 耗时=1843s
  B#6: 累计新增=4.45 本站新增=0.23 AUC累计=0.480 AUC本站=0.480 耗时=1708s
  mixed: 60/600
  mixed: 120/600
  mixed: 180/600
  mixed: 240/600
  mixed: 300/600
  mixed: 360/600
  mixed: 420/600
  mixed: 480/600
  mixed: 540/600
  mixed: 600/600
          mixed    BLog: clear=200/200 mean=687.00 p95=895.45 cvar90=898.67
          mixed    CLog: clear=200/200 mean=717.31 p95=913.75 cvar90=935.81
          mixed CplusLog: clear=200/200 mean=716.00 p95=913.75 cvar90=934.79

=== mixed（200 例）===
B=687.00 C=717.31 C+=716.00 oracle=673.99 s/源；C+ 选 B 占比=4.5%；oracle 应换路线占比=67.5%
|T_B-T_C| 均值（每例总时间）= 56.3 s
C-B 差 search_movement_time_s: -37.07 s/源
C-B 差 post_search_movement_time_s: +35.10 s/源
C-B 差 detection_time_s: +27.17 s/源
探测信号 AUC（预测应当换到 B 的案例）:
  C#1: 累计新增=1.22 本站新增=1.22 AUC累计=0.536 AUC本站=0.536 耗时=410s
  B#1: 累计新增=0.73 本站新增=0.73 AUC累计=0.542 AUC本站=0.542 耗时=370s
  C#2: 累计新增=2.09 本站新增=0.88 AUC累计=0.528 AUC本站=0.495 耗时=677s
  B#2: 累计新增=1.65 本站新增=0.92 AUC累计=0.505 AUC本站=0.456 耗时=615s
  C#3: 累计新增=3.00 本站新增=0.92 AUC累计=0.566 AUC本站=0.535 耗时=966s
  B#3: 累计新增=2.19 本站新增=0.54 AUC累计=0.505 AUC本站=0.515 耗时=851s
  C#4: 累计新增=3.90 本站新增=0.90 AUC累计=0.522 AUC本站=0.456 耗时=1235s
  B#4: 累计新增=2.62 本站新增=0.43 AUC累计=0.458 AUC本站=0.427 耗时=1127s
  C#5: 累计新增=4.89 本站新增=0.98 AUC累计=0.501 AUC本站=0.482 耗时=1508s
  B#5: 累计新增=3.24 本站新增=0.62 AUC累计=0.436 AUC本站=0.472 耗时=1402s
  C#6: 累计新增=5.85 本站新增=0.96 AUC累计=0.512 AUC本站=0.522 耗时=1777s
  B#6: 累计新增=3.30 本站新增=0.06 AUC累计=0.443 AUC本站=0.505 耗时=1658s
  boundary_outward: 60/600
  boundary_outward: 120/600
  boundary_outward: 180/600
  boundary_outward: 240/600
  boundary_outward: 300/600
  boundary_outward: 360/600
  boundary_outward: 420/600
  boundary_outward: 480/600
  boundary_outward: 540/600
  boundary_outward: 600/600
boundary_outward    BLog: clear=200/200 mean=567.62 p95=681.56 cvar90=687.82
boundary_outward    CLog: clear=200/200 mean=765.62 p95=960.59 cvar90=968.21
boundary_outward CplusLog: clear=200/200 mean=567.62 p95=681.56 cvar90=687.82

=== boundary_outward（200 例）===
B=567.62 C=765.62 C+=567.62 oracle=566.48 s/源；C+ 选 B 占比=100.0%；oracle 应换路线占比=98.5%
|T_B-T_C| 均值（每例总时间）= 200.3 s
C-B 差 search_movement_time_s: -15.64 s/源
C-B 差 post_search_movement_time_s: +81.56 s/源
C-B 差 detection_time_s: +109.83 s/源
探测信号 AUC（预测应当换到 B 的案例）:
  C#1: 累计新增=0.43 本站新增=0.43 AUC累计=0.535 AUC本站=0.535 耗时=410s
  B#1: 累计新增=0.00 本站新增=0.00 AUC累计=0.500 AUC本站=0.500 耗时=370s
  C#2: 累计新增=1.05 本站新增=0.62 AUC累计=0.719 AUC本站=0.628 耗时=682s
  B#2: 累计新增=0.80 本站新增=0.80 AUC累计=0.669 AUC本站=0.669 耗时=623s
  C#3: 累计新增=1.59 本站新增=0.54 AUC累计=0.829 AUC本站=0.734 耗时=983s
  B#3: 累计新增=2.08 本站新增=1.28 AUC累计=0.777 AUC本站=0.761 耗时=871s
  C#4: 累计新增=2.17 本站新增=0.57 AUC累计=0.657 AUC本站=0.266 耗时=1267s
  B#4: 累计新增=3.23 本站新增=1.16 AUC累计=0.799 AUC本站=0.585 耗时=1159s
  C#5: 累计新增=2.67 本站新增=0.50 AUC累计=0.590 AUC本站=0.439 耗时=1558s
  B#5: 累计新增=4.36 本站新增=1.12 AUC累计=0.893 AUC本站=0.755 耗时=1444s
  C#6: 累计新增=3.27 本站新增=0.60 AUC累计=0.633 AUC本站=0.549 耗时=1848s
  B#6: 累计新增=4.36 本站新增=0.00 AUC累计=0.893 AUC本站=0.500 耗时=1710s

报告已写入 c:\Users\李\.trae-cn\work\6aa56502e5f93f31529a14bc\q4x\step2_probe\probe_report.json
=== 各场景 oracle 与 C+ 现状 ===
场景                    n   n_origin均值        B        C       C+   oracle      差距%   n_origin=0占比
normal              500         4.74   672.62   616.29   616.29   613.37    0.47%          0.0%
min_radius          200         3.14   658.16   613.30   612.99   607.61    0.89%          3.0%
boundary_random     200         0.00   567.87   577.11   567.87   544.83    4.23%        100.0%
boundary_outward    200         0.00   567.62   765.62   567.62   566.48    0.20%        100.0%
mixed               200         2.40   687.00   717.31   716.00   673.99    6.23%          4.5%

=== 阈值规则（原点发现数 <= θ 选 B，否则选 C）===
场景                         θ=0         θ=1         θ=2         θ=3         θ=4         θ=5         θ=6
normal                   +2.91       +4.01       +7.39      +14.32      +26.40      +38.83      +48.98   （数值=相对 oracle 的损失 s/源）
min_radius               +5.38       +9.48      +18.37      +31.71      +38.42      +47.21      +50.22   （数值=相对 oracle 的损失 s/源）
boundary_random         +23.04      +23.04      +23.04      +23.04      +23.04      +23.04      +23.04   （数值=相对 oracle 的损失 s/源）
boundary_outward         +1.14       +1.14       +1.14       +1.14       +1.14       +1.14       +1.14   （数值=相对 oracle 的损失 s/源）
mixed                   +42.01      +34.73      +25.21      +17.67      +13.85      +13.12      +13.51   （数值=相对 oracle 的损失 s/源）

=== 逐场景最优阈值 ===
normal             最优 θ=0 (损失 +2.91)，θ=0 损失 +2.91，改善 +0.00 s/源
min_radius         最优 θ=0 (损失 +5.38)，θ=0 损失 +5.38，改善 +0.00 s/源
boundary_random    最优 θ=0 (损失 +23.04)，θ=0 损失 +23.04，改善 +0.00 s/源
boundary_outward   最优 θ=0 (损失 +1.14)，θ=0 损失 +1.14，改善 +0.00 s/源
mixed              最优 θ=5 (损失 +13.12)，θ=0 损失 +42.01，改善 +28.89 s/源

=== 跨场景汇总（等权平均损失，s/源）===
θ=0: 等权平均损失=+14.90  最差场景损失=+42.01  明细=[2.91, 5.38, 23.04, 1.14, 42.01]
θ=1: 等权平均损失=+14.48  最差场景损失=+34.73  明细=[4.01, 9.48, 23.04, 1.14, 34.73]
θ=2: 等权平均损失=+15.03  最差场景损失=+25.21  明细=[7.39, 18.37, 23.04, 1.14, 25.21]
θ=3: 等权平均损失=+17.58  最差场景损失=+31.71  明细=[14.32, 31.71, 23.04, 1.14, 17.67]
θ=4: 等权平均损失=+20.57  最差场景损失=+38.42  明细=[26.4, 38.42, 23.04, 1.14, 13.85]
θ=5: 等权平均损失=+24.67  最差场景损失=+47.21  明细=[38.83, 47.21, 23.04, 1.14, 13.12]
θ=6: 等权平均损失=+27.38  最差场景损失=+50.22  明细=[48.98, 50.22, 23.04, 1.14, 13.51]
  normal: 50/500
  normal: 100/500
  normal: 150/500
  normal: 200/500
  normal: 250/500
  normal: 300/500
  normal: 350/500
  normal: 400/500
  normal: 450/500
  normal: 500/500
         normal CplusLog: clear=500/500 mean=616.29 p95=806.85 cvar90=814.28
normal: 配对 500 例
  min_radius: 20/200
  min_radius: 40/200
  min_radius: 60/200
  min_radius: 80/200
  min_radius: 100/200
  min_radius: 120/200
  min_radius: 140/200
  min_radius: 160/200
  min_radius: 180/200
  min_radius: 200/200
     min_radius CplusLog: clear=200/200 mean=612.99 p95=811.05 cvar90=824.26
min_radius: 配对 200 例
  boundary_random: 20/200
  boundary_random: 40/200
  boundary_random: 60/200
  boundary_random: 80/200
  boundary_random: 100/200
  boundary_random: 120/200
  boundary_random: 140/200
  boundary_random: 160/200
  boundary_random: 180/200
  boundary_random: 200/200
boundary_random CplusLog: clear=200/200 mean=567.87 p95=662.65 cvar90=672.99
boundary_random: 配对 200 例
  boundary_outward: 20/200
  boundary_outward: 40/200
  boundary_outward: 60/200
  boundary_outward: 80/200
  boundary_outward: 100/200
  boundary_outward: 120/200
  boundary_outward: 140/200
  boundary_outward: 160/200
  boundary_outward: 180/200
  boundary_outward: 200/200
boundary_outward CplusLog: clear=200/200 mean=567.62 p95=681.56 cvar90=687.82
boundary_outward: 配对 200 例
  mixed: 20/200
  mixed: 40/200
  mixed: 60/200
  mixed: 80/200
  mixed: 100/200
  mixed: 120/200
  mixed: 140/200
  mixed: 160/200
  mixed: 180/200
  mixed: 200/200
          mixed CplusLog: clear=200/200 mean=716.00 p95=913.75 cvar90=934.79
mixed: 配对 200 例

=== 特征判别力（AUC 预测应选 B，即 T_C 更差）===
场景                  n_origin  total_hat      可见比例       角隙
normal                 0.557     0.518     0.554     0.434
    范围 origin_discoveries: min=1.00 max=10.00 mean=4.74
    范围 visible_fraction: min=0.06 max=0.62 mean=0.30
min_radius             0.516     0.495     0.516     0.489
    范围 origin_discoveries: min=0.00 max=8.00 mean=3.14
    范围 visible_fraction: min=0.00 max=0.50 mean=0.21
boundary_random        0.500     0.500     0.500     0.500
    范围 origin_discoveries: min=0.00 max=0.00 mean=0.00
    范围 visible_fraction: min=0.00 max=0.00 mean=0.00
boundary_outward       0.500     0.500     0.500     0.500
    范围 origin_discoveries: min=0.00 max=0.00 mean=0.00
    范围 visible_fraction: min=0.00 max=0.00 mean=0.00
mixed                  0.531     0.554     0.523     0.433
    范围 origin_discoveries: min=0.00 max=7.00 mean=2.40
    范围 visible_fraction: min=0.00 max=0.44 mean=0.16

=== 单特征规则在各场景的损失（s/源，相对 oracle）===
--- 特征: origin_discoveries (le) ---
场景                      最优阈值      最优损失       现规则损失       改善
normal                  1.00      4.01        2.91    -1.10
min_radius              0.00      5.38        5.38    +0.00
boundary_random         0.00     23.04       23.04    +0.00
boundary_outward        0.00      1.14        1.14    +0.00
mixed                   7.00     13.01       42.01   +29.00
     等权平均: 最优损失=9.32
--- 特征: total_hat (le) ---
场景                      最优阈值      最优损失       现规则损失       改善
normal                 10.00      4.48        2.91    -1.56
min_radius             10.00      7.26        5.38    -1.88
boundary_random        16.00     23.04       23.04    +0.00
boundary_outward       16.00      1.14        1.14    +0.00
mixed                  16.00     13.01       42.01   +29.00
     等权平均: 最优损失=9.79
--- 特征: visible_fraction (le) ---
场景                      最优阈值      最优损失       现规则损失       改善
normal                  0.06      3.80        2.91    -0.88
min_radius              0.00      5.38        5.38    +0.00
boundary_random         0.00     23.04       23.04    +0.00
boundary_outward        0.00      1.14        1.14    +0.00
mixed                   0.44     13.01       42.01   +29.00
     等权平均: 最优损失=9.27
--- 特征: max_gap_deg (ge) ---
场景                      最优阈值      最优损失       现规则损失       改善
normal                360.00      4.01        2.91    -1.10
min_radius            360.00      9.48        5.38    -4.10
boundary_random       360.00     23.04       23.04    +0.00
boundary_outward      360.00      1.14        1.14    +0.00
mixed                  85.27     13.01       42.01   +29.00
     等权平均: 最优损失=10.14

=== 两特征规则：原点发现数 <= θ 或 可见比例 <= φ 时选 B ===
最优规则: θ=0, φ=0.1, 等权平均损失=14.48 s/源
各场景损失: {'normal': 4.01, 'min_radius': 9.48, 'boundary_random': 23.04, 'boundary_outward': 1.14, 'mixed': 34.73}
Crim1500: 站点 29，外圈站 20，巡游长度 20.69 km（C 原顺序 18.15 km）
Crim1700: 站点 29，外圈站 20，巡游长度 26.69 km（C 原顺序 18.15 km）
CrimNN: 站点 29，外圈站 20，巡游长度 20.33 km（C 原顺序 18.15 km）
  normal: 120/1200
  normal: 240/1200
  normal: 360/1200
  normal: 480/1200
  normal: 600/1200
  normal: 720/1200
  normal: 840/1200
  normal: 960/1200
  normal: 1080/1200
  normal: 1200/1200
         normal       C: clear=300/300 mean=617.45 p95=809.94 cvar90=812.71
         normal Crim1500: clear=300/300 mean=740.33 p95=943.16 cvar90=951.28
         normal Crim1700: clear=300/300 mean=780.92 p95=1013.94 cvar90=1012.79
         normal  CrimNN: clear=300/300 mean=729.25 p95=926.86 cvar90=937.16

--- normal（300 例）---
策略               均值      P95   CVaR90      搜索移动      搜索后移动       检测     全清除
C            617.45   809.94   812.71    274.60     180.12   132.25  300/300
Crim1500     740.33   943.16   951.28    314.79     229.87   159.99  300/300
Crim1700     780.92  1013.94  1012.79    399.69     194.13   152.70  300/300
CrimNN       729.25   926.86   937.16    309.47     225.88   158.51  300/300
  min_radius: 80/800
  min_radius: 160/800
  min_radius: 240/800
  min_radius: 320/800
  min_radius: 400/800
  min_radius: 480/800
  min_radius: 560/800
  min_radius: 640/800
  min_radius: 720/800
  min_radius: 800/800
     min_radius       C: clear=200/200 mean=613.30 p95=811.05 cvar90=825.17
     min_radius Crim1500: clear=200/200 mean=727.69 p95=943.61 cvar90=949.98
     min_radius Crim1700: clear=200/200 mean=770.99 p95=1015.59 cvar90=1018.07
     min_radius  CrimNN: clear=200/200 mean=717.81 p95=933.05 cvar90=936.54

--- min_radius（200 例）---
策略               均值      P95   CVaR90      搜索移动      搜索后移动       检测     全清除
C            613.30   811.05   825.17    272.67     163.58   144.03  200/200
Crim1500     727.69   943.61   949.98    315.66     198.26   174.81  200/200
Crim1700     770.99  1015.59  1018.07    395.54     170.01   167.78  200/200
CrimNN       717.81   933.05   936.54    310.17     196.14   172.91  200/200
  boundary_random: 80/800
  boundary_random: 160/800
  boundary_random: 240/800
  boundary_random: 320/800
  boundary_random: 400/800
  boundary_random: 480/800
  boundary_random: 560/800
  boundary_random: 640/800
  boundary_random: 720/800
  boundary_random: 800/800
boundary_random       C: clear=200/200 mean=577.11 p95=663.05 cvar90=674.98
boundary_random Crim1500: clear=200/200 mean=546.19 p95=645.98 cvar90=660.96
boundary_random Crim1700: clear=200/200 mean=597.02 p95=699.08 cvar90=716.50
boundary_random  CrimNN: clear=200/200 mean=537.68 p95=641.15 cvar90=657.85

--- boundary_random（200 例）---
策略               均值      P95   CVaR90      搜索移动      搜索后移动       检测     全清除
C            577.11   663.05   674.98    200.41     187.67   154.22  200/200
Crim1500     546.19   645.98   660.96    161.77     219.38   134.15  200/200
Crim1700     597.02   699.08   716.50    168.65     237.47   155.56  200/200
CrimNN       537.68   641.15   657.85    161.90     215.99   129.83  200/200
  boundary_outward: 80/800
  boundary_outward: 160/800
  boundary_outward: 240/800
  boundary_outward: 320/800
  boundary_outward: 400/800
  boundary_outward: 480/800
  boundary_outward: 560/800
  boundary_outward: 640/800
  boundary_outward: 720/800
  boundary_outward: 800/800
boundary_outward       C: clear=200/200 mean=765.62 p95=960.59 cvar90=968.21
boundary_outward Crim1500: clear=200/200 mean=658.75 p95=846.36 cvar90=863.51
boundary_outward Crim1700: clear=200/200 mean=638.35 p95=830.87 cvar90=847.32
boundary_outward  CrimNN: clear=200/200 mean=654.46 p95=824.13 cvar90=838.00

--- boundary_outward（200 例）---
策略               均值      P95   CVaR90      搜索移动      搜索后移动       检测     全清除
C            765.62   960.59   968.21    218.89     246.79   246.29  200/200
Crim1500     658.75   846.36   863.51    158.61     254.37   201.16  200/200
Crim1700     638.35   830.87   847.32    151.73     261.65   183.86  200/200
CrimNN       654.46   824.13   838.00    158.37     252.54   199.40  200/200
  mixed: 80/800
  mixed: 160/800
  mixed: 240/800
  mixed: 320/800
  mixed: 400/800
  mixed: 480/800
  mixed: 560/800
  mixed: 640/800
  mixed: 720/800
  mixed: 800/800
          mixed       C: clear=200/200 mean=717.31 p95=913.75 cvar90=935.81
          mixed Crim1500: clear=200/200 mean=793.25 p95=1039.65 cvar90=1058.22
          mixed Crim1700: clear=200/200 mean=851.19 p95=1123.87 cvar90=1126.92
          mixed  CrimNN: clear=200/200 mean=781.91 p95=1022.07 cvar90=1041.35

--- mixed（200 例）---
策略               均值      P95   CVaR90      搜索移动      搜索后移动       检测     全清除
C            717.31   913.75   935.81    285.01     213.67   179.16  200/200
Crim1500     793.25  1039.65  1058.22    318.50     254.13   180.92  200/200
Crim1700     851.19  1123.87  1126.92    406.46     234.10   172.58  200/200
CrimNN       781.91  1022.07  1041.35    313.27     250.66   178.71  200/200
  normal: 90/900
  normal: 180/900
  normal: 270/900
  normal: 360/900
  normal: 450/900
  normal: 540/900
  normal: 630/900
  normal: 720/900
  normal: 810/900
  normal: 900/900
         normal       C: clear=300/300 mean=617.45 p95=809.94 cvar90=812.71
         normal    CAz3: clear=300/300 mean=605.46 p95=793.14 cvar90=794.40
         normal    CAz4: clear=300/300 mean=612.87 p95=792.18 cvar90=799.13

--- normal（300 例）---
策略             均值      P95   CVaR90      搜索移动      搜索后移动       检测      全清除
C          617.45   809.94   812.71    274.60     180.12   132.25   300/300
CAz3       605.46   793.14   794.40    277.71     136.77   155.45   300/300
CAz4       612.87   792.18   799.13    279.22     123.05   171.66   300/300
  min_radius: 60/600
  min_radius: 120/600
  min_radius: 180/600
  min_radius: 240/600
  min_radius: 300/600
  min_radius: 360/600
  min_radius: 420/600
  min_radius: 480/600
  min_radius: 540/600
  min_radius: 600/600
     min_radius       C: clear=200/200 mean=613.30 p95=811.05 cvar90=825.17
     min_radius    CAz3: clear=200/200 mean=621.54 p95=833.99 cvar90=833.92
     min_radius    CAz4: clear=200/200 mean=642.17 p95=835.86 cvar90=849.54

--- min_radius（200 例）---
策略             均值      P95   CVaR90      搜索移动      搜索后移动       检测      全清除
C          613.30   811.05   825.17    272.67     163.58   144.03   200/200
CAz3       621.54   833.99   833.92    276.07     129.03   176.61   200/200
CAz4       642.17   835.86   849.54    276.19     126.95   195.31   200/200
  boundary_random: 60/600
  boundary_random: 120/600
  boundary_random: 180/600
  boundary_random: 240/600
  boundary_random: 300/600
  boundary_random: 360/600
  boundary_random: 420/600
  boundary_random: 480/600
  boundary_random: 540/600
  boundary_random: 600/600
boundary_random       C: clear=200/200 mean=577.11 p95=663.05 cvar90=674.98
boundary_random    CAz3: clear=200/200 mean=579.03 p95=690.67 cvar90=694.10
boundary_random    CAz4: clear=200/200 mean=597.06 p95=710.80 cvar90=721.10

--- boundary_random（200 例）---
策略             均值      P95   CVaR90      搜索移动      搜索后移动       检测      全清除
C          577.11   663.05   674.98    200.41     187.67   154.22   200/200
CAz3       579.03   690.67   694.10    203.15     155.79   179.64   200/200
CAz4       597.06   710.80   721.10    203.52     152.63   196.90   200/200
  boundary_outward: 60/600
  boundary_outward: 120/600
  boundary_outward: 180/600
  boundary_outward: 240/600
  boundary_outward: 300/600
  boundary_outward: 360/600
  boundary_outward: 420/600
  boundary_outward: 480/600
  boundary_outward: 540/600
  boundary_outward: 600/600
boundary_outward       C: clear=200/200 mean=765.62 p95=960.59 cvar90=968.21
boundary_outward    CAz3: clear=200/200 mean=813.37 p95=979.43 cvar90=993.24
boundary_outward    CAz4: clear=200/200 mean=817.62 p95=986.93 cvar90=996.92

--- boundary_outward（200 例）---
策略             均值      P95   CVaR90      搜索移动      搜索后移动       检测      全清除
C          765.62   960.59   968.21    218.89     246.79   246.29   200/200
CAz3       813.37   979.43   993.24    220.08     232.38   296.93   200/200
CAz4       817.62   986.93   996.92    220.37     230.59   301.71   200/200
  mixed: 60/600
  mixed: 120/600
  mixed: 180/600
  mixed: 240/600
  mixed: 300/600
  mixed: 360/600
  mixed: 420/600
  mixed: 480/600
  mixed: 540/600
  mixed: 600/600
          mixed       C: clear=200/200 mean=717.31 p95=913.75 cvar90=935.81
          mixed    CAz3: clear=200/200 mean=711.33 p95=903.85 cvar90=919.10
          mixed    CAz4: clear=200/200 mean=716.18 p95=902.98 cvar90=925.66

--- mixed（200 例）---
策略             均值      P95   CVaR90      搜索移动      搜索后移动       检测      全清除
C          717.31   913.75   935.81    285.01     213.67   179.16   200/200
CAz3       711.33   903.85   919.10    288.20     174.57   203.65   200/200
CAz4       716.18   902.98   925.66    289.37     167.11   212.85   200/200
normal: 可用配对 300 例
min_radius: 可用配对 200 例
boundary_random: 可用配对 200 例
boundary_outward: 可用配对 200 例
mixed: 可用配对 200 例

=== 各臂均值（s/源） ===
场景                        B     C(方位2)     CAz3       最优
normal               671.73     617.45   605.46     CAz3
min_radius           658.16     613.30   621.54        C
boundary_random      567.87     577.11   579.03        B
boundary_outward     567.62     765.62   813.37        B
mixed                687.00     717.31   711.33        B

=== 自适应方位条数：原点发现数 > θ 用方位3，否则方位2 ===
场景                       θ=0       θ=1       θ=2       θ=3       θ=4
normal                605.46    605.52    606.52    609.54    611.02
min_radius            621.18    620.20    620.45    617.37    615.91
boundary_random       577.11    577.11    577.11    577.11    577.11
boundary_outward      765.62    765.62    765.62    765.62    765.62
mixed                 711.03    711.18    715.75    715.72    716.03

=== 三臂规则：0 发现→B；1..θ→C(方位2)；>θ→CAz3 ===
场景                       θ=0       θ=1       θ=2       θ=3       θ=4
normal                605.46    605.52    606.52    609.54    611.02
min_radius            620.87    619.89    620.14    617.06    615.60
boundary_random       567.87    567.87    567.87    567.87    567.87
boundary_outward      567.62    567.62    567.62    567.62    567.62
mixed                 709.72    709.87    714.45    714.42    714.72

=== 现状 C+（0 发现→B，否则 C 方位2）与三臂 oracle 对照 ===
场景                      C+现状   oracle三臂       差距     差距%
normal                617.45     596.16   +21.29   3.57%
min_radius            612.99     601.23   +11.76   1.96%
boundary_random       567.87     537.89   +29.98   5.57%
boundary_outward      567.62     566.48    +1.14   0.20%
mixed                 716.00     666.59   +49.41   7.41%
场景                        C     CAz3       配对差    95%CI下    95%CI上      胜率     显著
normal               617.45   605.46    -11.98    -16.00     -7.97   59.0%      是
min_radius           613.30   621.54     +8.24     +3.47    +13.01   40.0%      是
boundary_random      577.11   579.03     +1.93     -4.62     +8.47   47.0%      否
boundary_outward     765.62   813.37    +47.75    +40.11    +55.39   19.0%      是
mixed                717.31   711.33     -5.98    -11.85     -0.11   54.0%      是
  normal: 200/2000
  normal: 400/2000
  normal: 600/2000
  normal: 800/2000
  normal: 1000/2000
  normal: 1200/2000
  normal: 1400/2000
  normal: 1600/2000
  normal: 1800/2000
  normal: 2000/2000
         normal   Cplus: clear=500/500 mean=616.29 p95=806.85 cvar90=814.28
         normal Cplus3A: clear=500/500 mean=602.77 p95=785.74 cvar90=789.21
         normal       B: clear=500/500 mean=672.62 p95=868.84 cvar90=870.43
         normal       C: clear=500/500 mean=616.29 p95=806.85 cvar90=814.28

--- normal（500 例）---
策略              均值      P95   CVaR90      搜索移动      搜索后       检测      全清除
Cplus       616.29   806.85   814.28    274.21   179.29   132.29   500/500
Cplus3A     602.77   785.74   789.21    277.38   135.99   154.13   500/500
B           672.62   868.84   870.43    314.35   184.78   141.38   500/500
C           616.29   806.85   814.28    274.21   179.29   132.29   500/500
  Cplus3A-Cplus  配对差=-13.51 95%CI=[-16.56,-10.47] 胜率=62.6%
  Cplus3A-B      配对差=-69.85 95%CI=[-74.11,-65.59] 胜率=95.0%
  Cplus3A-C      配对差=-13.51 95%CI=[-16.56,-10.47] 胜率=62.6%
  min_radius: 80/800
  min_radius: 160/800
  min_radius: 240/800
  min_radius: 320/800
  min_radius: 400/800
  min_radius: 480/800
  min_radius: 560/800
  min_radius: 640/800
  min_radius: 720/800
  min_radius: 800/800
     min_radius   Cplus: clear=200/200 mean=612.99 p95=811.05 cvar90=824.26
     min_radius Cplus3A: clear=200/200 mean=620.87 p95=831.10 cvar90=832.63
     min_radius       B: clear=200/200 mean=658.16 p95=841.07 cvar90=853.16
     min_radius       C: clear=200/200 mean=613.30 p95=811.05 cvar90=825.17

--- min_radius（200 例）---
策略              均值      P95   CVaR90      搜索移动      搜索后       检测      全清除
Cplus       612.99   811.05   824.26    273.95   162.30   143.75   200/200
Cplus3A     620.87   831.10   832.63    277.26   128.72   175.31   200/200
B           658.16   841.07   853.16    313.05   160.66   150.27   200/200
C           613.30   811.05   825.17    272.67   163.58   144.03   200/200
  Cplus3A-Cplus  配对差=+7.88 95%CI=[+3.23,+12.53] 胜率=39.5%
  Cplus3A-B      配对差=-37.29 95%CI=[-44.27,-30.31] 胜率=75.5%
  Cplus3A-C      配对差=+7.57 95%CI=[+2.74,+12.40] 胜率=41.0%
  boundary_random: 80/800
  boundary_random: 160/800
  boundary_random: 240/800
  boundary_random: 320/800
  boundary_random: 400/800
  boundary_random: 480/800
  boundary_random: 560/800
  boundary_random: 640/800
  boundary_random: 720/800
  boundary_random: 800/800
boundary_random   Cplus: clear=200/200 mean=567.87 p95=662.65 cvar90=672.99
boundary_random Cplus3A: clear=200/200 mean=567.87 p95=662.65 cvar90=672.99
boundary_random       B: clear=200/200 mean=567.87 p95=662.65 cvar90=672.99
boundary_random       C: clear=200/200 mean=577.11 p95=663.05 cvar90=674.98

--- boundary_random（200 例）---
策略              均值      P95   CVaR90      搜索移动      搜索后       检测      全清除
Cplus       567.87   662.65   672.99    231.58   167.93   136.87   200/200
Cplus3A     567.87   662.65   672.99    231.58   167.93   136.87   200/200
B           567.87   662.65   672.99    231.58   167.93   136.87   200/200
C           577.11   663.05   674.98    200.41   187.67   154.22   200/200
  Cplus3A-Cplus  配对差=+0.00 95%CI=[+0.00,+0.00] 胜率=0.0%
  Cplus3A-B      配对差=+0.00 95%CI=[+0.00,+0.00] 胜率=0.0%
  Cplus3A-C      配对差=-9.24 95%CI=[-19.24,+0.77] 胜率=54.0%
  boundary_outward: 80/800
  boundary_outward: 160/800
  boundary_outward: 240/800
  boundary_outward: 320/800
  boundary_outward: 400/800
  boundary_outward: 480/800
  boundary_outward: 560/800
  boundary_outward: 640/800
  boundary_outward: 720/800
  boundary_outward: 800/800
boundary_outward   Cplus: clear=200/200 mean=567.62 p95=681.56 cvar90=687.82
boundary_outward Cplus3A: clear=200/200 mean=567.62 p95=681.56 cvar90=687.82
boundary_outward       B: clear=200/200 mean=567.62 p95=681.56 cvar90=687.82
boundary_outward       C: clear=200/200 mean=765.62 p95=960.59 cvar90=968.21

--- boundary_outward（200 例）---
策略              均值      P95   CVaR90      搜索移动      搜索后       检测      全清除
Cplus       567.62   681.56   687.82    234.53   165.23   136.45   200/200
Cplus3A     567.62   681.56   687.82    234.53   165.23   136.45   200/200
B           567.62   681.56   687.82    234.53   165.23   136.45   200/200
C           765.62   960.59   968.21    218.89   246.79   246.29   200/200
  Cplus3A-Cplus  配对差=+0.00 95%CI=[+0.00,+0.00] 胜率=0.0%
  Cplus3A-B      配对差=+0.00 95%CI=[+0.00,+0.00] 胜率=0.0%
  Cplus3A-C      配对差=-198.00 95%CI=[-212.99,-183.01] 胜率=98.5%
  mixed: 80/800
  mixed: 160/800
  mixed: 240/800
  mixed: 320/800
  mixed: 400/800
  mixed: 480/800
  mixed: 560/800
  mixed: 640/800
  mixed: 720/800
  mixed: 800/800
          mixed   Cplus: clear=200/200 mean=716.00 p95=913.75 cvar90=934.79
          mixed Cplus3A: clear=200/200 mean=709.72 p95=899.70 cvar90=916.63
          mixed       B: clear=200/200 mean=687.00 p95=895.45 cvar90=898.67
          mixed       C: clear=200/200 mean=717.31 p95=913.75 cvar90=935.81

--- mixed（200 例）---
策略              均值      P95   CVaR90      搜索移动      搜索后       检测      全清除
Cplus       716.00   913.75   934.79    286.88   211.64   178.18   200/200
Cplus3A     709.72   899.70   916.63    289.94   174.17   201.21   200/200
B           687.00   895.45   898.67    322.08   178.57   152.00   200/200
C           717.31   913.75   935.81    285.01   213.67   179.16   200/200
  Cplus3A-Cplus  配对差=-6.28 95%CI=[-12.06,-0.50] 胜率=52.0%
  Cplus3A-B      配对差=+22.72 95%CI=[+13.47,+31.96] 胜率=35.0%
  Cplus3A-C      配对差=-7.58 95%CI=[-13.93,-1.23] 胜率=55.5%

验证结果已写入 c:\Users\李\.trae-cn\work\6aa56502e5f93f31529a14bc\q4x\step4d_validate3a\cplus3a_validation.json
